/*===TOKENS===*/
DS_PrototypeStart        <DCL-PR>
ID                       <DDR014>
KEYWORD_EXTPGM           <EXTPGM>
FREE_SEMI                <;>
ID                       <TRNSDT>
PACKED                   <PACKED>
'('                      <(>
NUMBER                   <7>
')'                      <)>
FREE_SEMI                <;>
ID                       <TRNSDT2>
KEYWORD_LIKE             <LIKE>
'('                      <(>
ID                       <TRNSDT>
')'                      <)>
FREE_SEMI                <;>
DS_Parm                  <dcl-parm>
ID                       <TRNSDT3>
KEYWORD_LIKE             <LIKE>
'('                      <(>
ID                       <TRNSDT>
')'                      <)>
FREE_SEMI                <;>
DS_PrototypeEnd          <END-PR>
FREE_SEMI                <;>
/*===TREE===*/
(r
  (dcl_pr
    DCL-PR
    (identifier (free_identifier (idOrKeyword DDR014)))
    (keyword (keyword_extpgm EXTPGM))
    ;
    (dcl_pr_field
      (identifier (free_identifier (idOrKeyword TRNSDT)))
      (datatype (datatypeName PACKED) (args ( (expression (number 7)) )))
      ;
    )
    (dcl_pr_field
      (identifier (free_identifier (idOrKeyword TRNSDT2)))
      (keyword_like
        LIKE
        (
        (simpleExpression (identifier (free_identifier (idOrKeyword TRNSDT))))
        )
      )
      ;
    )
    (dcl_pr_field
      dcl-parm
      (identifier (free_identifier (idOrKeyword TRNSDT3)))
      (keyword_like
        LIKE
        (
        (simpleExpression (identifier (free_identifier (idOrKeyword TRNSDT))))
        )
      )
      ;
    )
    (end_dcl_pr END-PR)
    ;
  )
)
/*======*/