/*===TOKENS===*/
FS_FIXED                 <F>
FS_RecordName            <COLMBID   >
FS_Type                  <I>
FS_Designation           <F>
FS_EndOfFile             < >
FS_Addution              < >
FS_Sequence              < >
FS_Format                <E>
FS_RecordLength          <     >
FS_Limits                < >
FS_LengthOfKey           <     >
FS_RecordAddressType     <K>
FS_Organization          < >
FS_Device                <DISK   >
FS_Reserved              < >
KEYWORD_RENAME           <RENAME>
'('                      <(>
ID                       <COPMB1>
COLON                    <:>
ID                       <COLMBID1>
')'                      <)>
KEYWORD_PREFIX           <PREFIX>
'('                      <(>
ID                       <M2_>
')'                      <)>
/*===TREE===*/
(r
  (statement
    (fspec_fixed
      F
      'COLMBID   '
      I
      F
      ' '
      ' '
      ' '
      E
      '     '
      ' '
      '     '
      K
      ' '
      'DISK   '
      ' '
      (fs_keyword
        (keyword_rename
          RENAME
          (
          (simpleExpression (identifier (free_identifier (idOrKeyword COPMB1))))
          :
          (simpleExpression (identifier (free_identifier (idOrKeyword COLMBID1))))
          )
        )
      )
      (fs_keyword
        (keyword_prefix
          PREFIX
          (
          (simpleExpression (identifier (free_identifier (idOrKeyword M2_))))
          )
        )
      )
      <EOF>
    )
  )
)
/*======*/