/*===TOKENS===*/
DS_Standalone            <DCL-S>
ID                       <firstName>
GRAPH                    <GRAPH>
'('                      <(>
NUMBER                   <20>
')'                      <)>
FREE_SEMI                <;>
DS_Standalone            <DCL-S>
ID                       <fullName>
VARGRAPH                 <VARGRAPH>
'('                      <(>
NUMBER                   <50>
')'                      <)>
FREE_SEMI                <;>
/*===TREE===*/
(r
  (statement
    (dspec
      DCL-S
      (identifier (free_identifier (idOrKeyword firstName)))
      (datatype (datatypeName GRAPH) (args ( (expression (number 20)) )))
      ;
    )
  )
  (statement
    (dspec
      DCL-S
      (identifier (free_identifier (idOrKeyword fullName)))
      (datatype (datatypeName VARGRAPH) (args ( (expression (number 50)) )))
      ;
    )
  )
)
/*======*/