/*===TOKENS===*/
DS_Standalone            <DCL-S>
ID                       <index>
INT                      <INT>
'('                      <(>
NUMBER                   <10>
')'                      <)>
FREE_SEMI                <;>
DS_Standalone            <DCL-S>
ID                       <count>
UNS                      <UNS>
'('                      <(>
NUMBER                   <20>
')'                      <)>
FREE_SEMI                <;>
DS_Standalone            <DCL-S>
ID                       <variance>
FLOAT                    <FLOAT>
'('                      <(>
NUMBER                   <8>
')'                      <)>
FREE_SEMI                <;>
/*===TREE===*/
(r
  (statement
    (dspec
      DCL-S
      (identifier (free_identifier (idOrKeyword index)))
      (datatype (datatypeName INT) (args ( (expression (number 10)) )))
      ;
    )
  )
  (statement
    (dspec
      DCL-S
      (identifier (free_identifier (idOrKeyword count)))
      (datatype (datatypeName UNS) (args ( (expression (number 20)) )))
      ;
    )
  )
  (statement
    (dspec
      DCL-S
      (identifier (free_identifier (idOrKeyword variance)))
      (datatype (datatypeName FLOAT) (args ( (expression (number 8)) )))
      ;
    )
  )
)
/*======*/