/*===TOKENS===*/
DS_Standalone            <DCL-S>
ID                       <obj>
OBJECT                   <OBJECT>
'('                      <(>
SPLAT_JAVA               <*JAVA>
COLON                    <:>
StringLiteralStart       <'>
StringContent            <Cls>
StringLiteralEnd         <'>
')'                      <)>
FREE_SEMI                <;>
/*===TREE===*/
(r
  (statement
    (dspec
      DCL-S
      (identifier (free_identifier (idOrKeyword obj)))
      (datatype
        (datatypeName OBJECT)
        (args
          (
          (expression (identifier (all (symbolicConstants *JAVA))))
          :
          (expression (literal ' Cls '))
          )
        )
      )
      ;
    )
  )
)
/*======*/