/*===TOKENS===*/
DS_Standalone            <DCL-S>
ID                       <firstName>
UCS2                     <UCS2>
'('                      <(>
NUMBER                   <10>
')'                      <)>
FREE_SEMI                <;>
DS_Standalone            <DCL-S>
ID                       <filePath>
VARUCS2                  <VARUCS2>
'('                      <(>
NUMBER                   <5000>
')'                      <)>
FREE_SEMI                <;>
/*===TREE===*/
(r
  (statement
    (dspec
      DCL-S
      (identifier (free_identifier (idOrKeyword firstName)))
      (datatype (datatypeName UCS2) (args ( (expression (number 10)) )))
      ;
    )
  )
  (statement
    (dspec
      DCL-S
      (identifier (free_identifier (idOrKeyword filePath)))
      (datatype (datatypeName VARUCS2) (args ( (expression (number 5000)) )))
      ;
    )
  )
)
/*======*/