/*===TOKENS===*/
HIDDEN:DIRECTIVE         < />
HIDDEN:DIR_IF            <if>
HIDDEN:DIR_DEFINED       <defined>
HIDDEN:'('               <(>
HIDDEN:')'               <)>
HIDDEN:DIRECTIVE         < />
HIDDEN:DIR_UNDEFINE      <undefine>
HIDDEN:DIR_OtherText     <header_INS002>
HIDDEN:EOL               <>
HIDDEN:DIRECTIVE         < />
HIDDEN:DIR_ENDIF         <endif>
/*===TREE===*/
r
/*======*/