/*===TOKENS===*/
HIDDEN:DIRECTIVE         < />
HIDDEN:DIR_DEFINE        <DEFINE>
HIDDEN:DIR_OtherText     <def1>
DIRECTIVE                < />
DIR_UNDEFINE             <UNDEFINE>
DIR_OtherText            <def1>
/*===TREE===*/
(r (statement (directive ' /' (dir_undefine UNDEFINE def1) <EOF>)))
/*======*/