/*===TOKENS===*/
DS_Standalone            <DCL-S>
ID                       <X>
INT                      <Int>
'('                      <(>
NUMBER                   <10>
')'                      <)>
FREE_SEMI                <;>
OP_BEGSR                 <BEGSR>
ID                       <SomeSubRoutine>
FREE_SEMI                <;>
ID                       <X>
'='                      <=>
NUMBER                   <1234>
FREE_SEMI                <;>
OP_ENDSR                 <ENDSR>
FREE_SEMI                <;>
/*===TREE===*/
(r
  (statement
    (dspec
      DCL-S
      (identifier (free_identifier (idOrKeyword X)))
      (datatype (datatypeName Int) (args ( (expression (number 10)) )))
      ;
    )
  )
  (subroutine
    (begsr
      (freeBEGSR BEGSR (identifier (free_identifier (idOrKeyword SomeSubRoutine))) ;)
    )
    (statement
      (free
        (baseExpression
          (op
            (op_eval
              (evalExpression
                (assignmentExpression
                  (simpleExpression (identifier (free_identifier (idOrKeyword X))))
                  =
                  (expression (number 1234))
                )
              )
            )
          )
        )
        ;
      )
    )
    (endsr (freeENDSR ENDSR ;))
  )
)
/*======*/