/*===TOKENS===*/
ID                       <arr>
'('                      <(>
ARRAY_REPEAT             <*>
')'                      <)>
'='                      <=>
ID                       <field2>
MULT                     <*>
ID                       <filed3>
FREE_SEMI                <;>
ID                       <cust>
'('                      <(>
ID                       <custom>
')'                      <)>
'.'                      <.>
ID                       <account>
'('                      <(>
ID                       <accum>
')'                      <)>
'.'                      <.>
ID                       <balance>
'-='                     <-=>
NUMBER                   <24>
FREE_SEMI                <;>
/*===TREE===*/
(r
  (statement
    (free
      (baseExpression
        (op
          (op_eval
            (evalExpression
              (assignmentExpression
                (simpleExpression
                  (identifier
                    (multipart_identifier
                      (indexed_identifier (free_identifier (idOrKeyword arr)) ( * ))
                    )
                  )
                )
                =
                (expression
                  (expression (identifier (free_identifier (idOrKeyword field2))))
                  *
                  (expression (identifier (free_identifier (idOrKeyword filed3))))
                )
              )
            )
          )
        )
      )
      ;
    )
  )
  (statement
    (free
      (baseExpression
        (op
          (op_eval
            (evalExpression
              (assignOperatorExpression
                (simpleExpression
                  (identifier
                    (multipart_identifier
                      (indexed_identifier
                        (free_identifier (idOrKeyword cust))
                        (
                        (expression (identifier (free_identifier (idOrKeyword custom))))
                        )
                      )
                      .
                      (indexed_identifier
                        (free_identifier (idOrKeyword account))
                        (
                        (expression (identifier (free_identifier (idOrKeyword accum))))
                        )
                      )
                      .
                      (free_identifier (idOrKeyword balance))
                    )
                  )
                )
                (assignmentOperator -=)
                (expression (number 24))
              )
            )
          )
        )
      )
      ;
    )
  )
)
/*======*/