/*===TOKENS===*/
ID                       <x1date>
'='                      <=>
UDATE                    <udate>
FREE_SEMI                <;>
/*===TREE===*/
(r
  (statement
    (free
      (baseExpression
        (op
          (op_eval
            (evalExpression
              (assignmentExpression
                (simpleExpression (identifier (free_identifier (idOrKeyword x1date))))
                =
                (expression (identifier (free_identifier (idOrKeyword udate))))
              )
            )
          )
        )
      )
      ;
    )
  )
)
/*======*/