/*===TOKENS===*/
DS_FIXED                 <D>
NAME                     <xxRecipientArr>
EXTERNAL_DESCRIPTION     < >
DATA_STRUCTURE_TYPE      < >
DEF_TYPE_S               <S >
FROM_POSITION            <       >
TO_POSITION              <       >
DATA_TYPE                < >
DECIMAL_POSITIONS        <  >
RESERVED                 < >
KEYWORD_LIKE             <LIKE>
'('                      <(>
ID                       <xpRecipientArr>
')'                      <)>
KEYWORD_DIM              <DIM>
'('                      <(>
ID                       <RecipientArrElements>
')'                      <)>
/*===TREE===*/
(r
  (statement
    (dspec
      D
      (ds_name xxRecipientArr)
      ' '
      ' '
      'S '
      '       '
      '       '
      ' '
      '  '
      ' '
      (keyword
        (keyword_like
          LIKE
          (
          (simpleExpression (identifier (free_identifier (idOrKeyword xpRecipientArr))))
          )
        )
      )
      (keyword
        (keyword_dim
          DIM
          (
          (simpleExpression
            (identifier (free_identifier (idOrKeyword RecipientArrElements)))
          )
          )
        )
      )
      <EOF>
    )
  )
)
/*======*/