/*===TOKENS===*/
HIDDEN:COMMENT_SPEC_FIXED< *>
HIDDEN:COMMENTS_TEXT     <Job date/time>
/*===TREE===*/
r
/*======*/